[www.minotech.co.uk/index.html]
[backblue.gif]
[fade.gif]
[index.html]
[www.minotech.co.uk/images/ministry/favicon.ico]
[www.minotech.co.uk/images/ministry/apple-touch-icon-114x114-precomposed9078.png]
[www.minotech.co.uk/images/ministry/apple-touch-icon-72x72-precomposed9078.png]
[www.minotech.co.uk/images/ministry/apple-touch-icon-precomposed9078.png]
[maxcdn.bootstrapcdn.com/font-awesome/4.6.0/css/font-awesome.min.css]
[www.minotech.co.uk/css/ministry-style.min91af.css]
[www.minotech.co.uk/humans.txt]
[use.typekit.net/sha1jar.js]
[www.minotech.co.uk/services/index.html]
[www.minotech.co.uk/why-mot/index.html]
[www.minotech.co.uk/network/index.html]
[www.minotech.co.uk/development/index.html]
[pbs.twimg.com/profile_images/597801657871802368/ers_uX_4_normal.jpg]
[www.minotech.co.uk/contact/index.html]
[www.minotech.co.uk/services/remote-control/index.html]
[www.minotech.co.uk/blog/index.html]
[pbs.twimg.com/profile_images/699983665674194944/szaMaJZy_normal.png]
[www.minotech.co.uk/blog/the-time-to-change-is-now/index.html]
[www.minotech.co.uk/network/keith-jackson/index.html]
[www.minotech.co.uk/elements/privacy-policy.html]
[www.minotech.co.uk/blog/the-value-of-a-spike/index.html]
[www.minotech.co.uk/blog/brexit-from-an-agile-perspective/index.html]
[www.minotech.co.uk/blog/remote-working-support-for-you/index.html]
[www.minotech.co.uk/elements/cookies-policy.html]
[www.minotech.co.uk/elements/terms-and-conditions.html]
[www.minotech.co.uk/js/head-1.0.3.min.js]
[ajax.googleapis.com/ajax/libs/jquery/1.11.1/jquery.min.js]
[www.minotech.co.uk/js/ministry.min91af.js]
[www.minotech.co.uk/index.html]
[www.minotech.co.uk/js/analytics91af.js]
[www.minotech.co.uk/why-mot/index.html]
[www.minotech.co.uk/media/1002/matrix-glasses-wide.jpg]
[www.minotech.co.uk/blog/what-is-agile/index.html]
[www.minotech.co.uk/services/index56c8.html]
[www.minotech.co.uk/services/index1596.html]
[www.minotech.co.uk/services/indexdf53.html]
[www.minotech.co.uk/services/index0b1f.html]
[www.minotech.co.uk/services/index878a.html]
[www.minotech.co.uk/services/custom-development/index.html]
[www.minotech.co.uk/services/propellant/index.html]
[www.minotech.co.uk/services/pit-stop/index.html]
[www.minotech.co.uk/services/accelerator/index.html]
[www.minotech.co.uk/services/horsepower/index.html]
[www.minotech.co.uk/services/index.html]
[www.minotech.co.uk/services/training/index.html]
[www.minotech.co.uk/services/mentoring/index.html]
[www.minotech.co.uk/services/mot/index.html]
[www.minotech.co.uk/media/1007/keith-jackson-2_thumb.jpg]
[www.minotech.co.uk/services/pre-flight-check/index.html]
[www.minotech.co.uk/network/index.html]
[www.minotech.co.uk/media/1008/jen_full_thumb.jpg]
[www.minotech.co.uk/network/jen-jackson/index.html]
[www.minotech.co.uk/css/development-style.min91af.css]
[www.minotech.co.uk/development/index.html]
[www.minotech.co.uk/development/mentoring/index.html]
[www.minotech.co.uk/development/blog/azure-umbraco-friends-at-last/index.html]
[www.minotech.co.uk/development/blog/index.html]
[www.minotech.co.uk/development/open-source-projects/index.html]
[www.minotech.co.uk/media/1103/img_20181223_153509-2.jpg]
[www.minotech.co.uk/media/1015/cloud-devices-med.jpg]
[www.minotech.co.uk/development/blog/azure-not-a-lean-solution/index.html]
[www.minotech.co.uk/blog/the-anti-agility-of-dogma-or-why-agile-is-a-science-and-not-a-faith/index.html]
[www.minotech.co.uk/media/1097/dsc_0250-2.jpg]
[www.minotech.co.uk/media/1096/pragmatic-agilist.jpg]
[www.minotech.co.uk/media/1095/spike-leaving-mentor.jpg]
[www.minotech.co.uk/media/1093/spike.jpg]
[www.minotech.co.uk/blog/climate-change-mitigation-remote-working/index.html]
[www.minotech.co.uk/blog/index.html]
[www.minotech.co.uk/blog/what-is-a-pragmatic-agilist/index.html]
[www.minotech.co.uk/media/1007/keith-jackson-2.jpg]
[www.minotech.co.uk/contact/index.html]
[www.minotech.co.uk/blog/meet-the-real-spike/index.html]
[www.minotech.co.uk/blog/goodbye-stephen/index.html]
[www.minotech.co.uk/media/1028/hand-cloud-med.jpg]
[www.minotech.co.uk/services/remote-control/index.html]
[www.minotech.co.uk/blog/the-pragmatic-agile-community/index.html]
[www.minotech.co.uk/services/remote-control.html]
[www.minotech.co.uk/blog/the-time-to-change-is-now/index.html]
[www.minotech.co.uk/blog/pragmatism-vs-compromise-a-difficult-distinction/index.html]
[www.minotech.co.uk/media/1009/csm.gif]
[www.minotech.co.uk/network/keith-jackson/index.html]
[www.minotech.co.uk/media/1104/ksjcv20190729.pdf]
[www.minotech.co.uk/blog/agile-cymru-or-to-cardiff-and-back-again/index.html]
[www.minotech.co.uk/services/accelerator.html]
[www.minotech.co.uk/services/horsepower.html]
[www.minotech.co.uk/services/mot.html]
[www.minotech.co.uk/media/1061/_47788370_01_ballotbox.jpg]
[www.minotech.co.uk/blog/brexit-from-an-agile-perspective/index.html]
[www.minotech.co.uk/blog/interviewing-for-scrum-masters/index.html]
[www.minotech.co.uk/services/custom-development.html]
[www.minotech.co.uk/services/propellant.html]
[www.minotech.co.uk/services/pit-stop.html]
[www.minotech.co.uk/services/mentoring.html]
[www.minotech.co.uk/blog/the-value-of-a-spike/index.html]
[www.minotech.co.uk/blog/agile-is-not-just-scrum/index.html]
[www.minotech.co.uk/blog/remote-working-support-for-you/index.html]
[www.minotech.co.uk/elements/privacy-policy.html]
[www.minotech.co.uk/elements/cookies-policy.html]
[www.minotech.co.uk/elements/terms-and-conditions.html]
[www.minotech.co.uk/blog/what-is-agile/index.html]
[www.minotech.co.uk/blog/what-can-agile-do-for-you/index.html]
[www.minotech.co.uk/services/index56c8.html]
[www.minotech.co.uk/services/index1596.html]
[www.minotech.co.uk/services/indexdf53.html]
[www.minotech.co.uk/services/index0b1f.html]
[www.minotech.co.uk/services/index878a.html]
[www.minotech.co.uk/media/1019/code2-med.jpg]
[www.minotech.co.uk/services/custom-development/index.html]
[www.minotech.co.uk/media/1047/surfer-med.jpg]
[www.minotech.co.uk/services/propellant/index.html]
[www.minotech.co.uk/blog/optimising-project-delivery-resourcing-empowered-teams/index.html]
[www.minotech.co.uk/media/1023/diagnostics-med.jpg]
[www.minotech.co.uk/services/pit-stop/index.html]
[www.minotech.co.uk/blog/optimising-project-delivery-the-retrospective/index.html]
[www.minotech.co.uk/media/1042/scrum-process.jpg]
[www.minotech.co.uk/services/accelerator/index.html]
[www.minotech.co.uk/blog/optimising-project-delivery-enabling-change/index.html]
[www.minotech.co.uk/media/1033/matrix-eye-med.jpg]
[www.minotech.co.uk/services/horsepower/index.html]
[www.minotech.co.uk/blog/optimising-project-delivery-feel-the-pain/index.html]
[www.minotech.co.uk/media/1014/bloke-empty-table-med.jpg]
[www.minotech.co.uk/services/mot/index.html]
[www.minotech.co.uk/blog/optimising-project-delivery-blockers/index.html]
[www.minotech.co.uk/media/1025/eclipse.jpg]
[www.minotech.co.uk/services/training/index.html]
[www.minotech.co.uk/blog/optimising-project-delivery-empowered-teams-and-the-conflict-principle/index.html]
[www.minotech.co.uk/media/1029/hands-med.jpg]
[www.minotech.co.uk/services/mentoring/index.html]
[www.minotech.co.uk/blog/more-than-just-a-resource/index.html]
[www.minotech.co.uk/media/1030/ideas-man-cropped.jpg]
[www.minotech.co.uk/services/pre-flight-check/index.html]
[www.minotech.co.uk/blog/optimising-project-delivery-the-importance-of-in-flow-qa/index.html]
[www.minotech.co.uk/media/1008/jen_full.jpg]
[www.minotech.co.uk/network/jen-jackson/index.html]
[www.minotech.co.uk/blog/scrum-day-london-2016-summary-review/index.html]
[www.minotech.co.uk/developers/index.html]
[www.minotech.co.uk/blog/using-retrospective-feedback-to-inform-product-decisions/index.html]
[www.minotech.co.uk/development/mentoring/index.html]
[www.minotech.co.uk/development/blog/the-repository-pattern-keeping-it-clean/index.html]
[www.minotech.co.uk/media/1058/2012-07-18-at-11-37-24.jpg]
[www.minotech.co.uk/media/1060/windowsazure.png]
[www.minotech.co.uk/development/blog/index.html]
[www.minotech.co.uk/development/blog/the-pylon-is-live/index.html]
[www.minotech.co.uk/development/open-source-projects/index.html]
[www.minotech.co.uk/development/open-source-projects/umbraco-pylon/index.html]
[www.minotech.co.uk/development/blog/azure-umbraco-friends-at-last/index.html]
[www.minotech.co.uk/development/blog/umbraco-published-content-seems-wrong/index.html]
[www.minotech.co.uk/development/blog/azure-not-a-lean-solution/index.html]
[www.minotech.co.uk/development/blog/open-source-products-refreshed/index.html]
[www.minotech.co.uk/services/training.html]
[www.minotech.co.uk/blog/the-anti-agility-of-dogma-or-why-agile-is-a-science-and-not-a-faith/index.html]
[www.minotech.co.uk/development/blog/testing-web-api-routes-with-ministry-open-source/index.html]
[www.minotech.co.uk/blog/climate-change-mitigation-remote-working/index.html]
[www.minotech.co.uk/development/blog/entity-framework-repositories-now-on-nuget/index.html]
[www.minotech.co.uk/blog/what-is-a-pragmatic-agilist/index.html]
[www.minotech.co.uk/development/blog/migrating-umbraco-5-to-umbraco-411/index.html]
[www.minotech.co.uk/blog/meet-the-real-spike/index.html]
[www.minotech.co.uk/development/blog/testing-mvc-routes-with-ministry-open-source/index.html]
[www.minotech.co.uk/blog/goodbye-stephen/index.html]
[www.minotech.co.uk/development/blog/detecting-touch-devices/index.html]
[www.minotech.co.uk/media/1088/pac-black-turquoise.png]
[www.minotech.co.uk/blog/the-pragmatic-agile-community/index.html]
[www.minotech.co.uk/development/open-source-projects/index2ecf.html]
[www.minotech.co.uk/media/1087/20160409-dsc_0249-1.jpg]
[www.minotech.co.uk/development/open-source-projects/index2a59.html]
[www.minotech.co.uk/blog/pragmatism-vs-compromise-a-difficult-distinction/index.html]
[www.minotech.co.uk/development/open-source-projects/index1468.html]
[www.minotech.co.uk/development/open-source-projects/index7f73.html]
[www.minotech.co.uk/services/remote-control.html]
[www.minotech.co.uk/development/open-source-projects/api-security/index.html]
[www.minotech.co.uk/media/1085/sd-wmc-c-0008-1.jpg]
[www.minotech.co.uk/media/1086/forced-analogy.pdf]
[www.minotech.co.uk/blog/agile-cymru-or-to-cardiff-and-back-again/index.html]
[www.minotech.co.uk/development/open-source-projects/argument-guard/index.html]
[www.minotech.co.uk/services/accelerator.html]
[www.minotech.co.uk/development/open-source-projects/backbone-ribs/index.html]
[www.minotech.co.uk/services/horsepower.html]
[www.minotech.co.uk/development/open-source-projects/client-mvc/index.html]
[www.minotech.co.uk/services/mot.html]
[www.minotech.co.uk/development/open-source-projects/compositions/index.html]
[www.minotech.co.uk/media/1064/planning.jpg]
[www.minotech.co.uk/development/open-source-projects/csv/index.html]
[www.minotech.co.uk/blog/interviewing-for-scrum-masters/index.html]
[www.minotech.co.uk/development/open-source-projects/date-time-abstractions/index.html]
[www.minotech.co.uk/blog/agile-is-not-just-scrum/index.html]
[www.minotech.co.uk/development/open-source-projects/entity-framework-repolayer/index.html]
[www.minotech.co.uk/services/custom-development.html]
[www.minotech.co.uk/development/open-source-projects/fluent-guard/index.html]
[www.minotech.co.uk/services/propellant.html]
[www.minotech.co.uk/development/open-source-projects/iis-multi-host-redirector/index.html]
[www.minotech.co.uk/services/pit-stop.html]
[www.minotech.co.uk/development/open-source-projects/javascript-on-load-function-stack/index.html]
[www.minotech.co.uk/services/mentoring.html]
[www.minotech.co.uk/development/open-source-projects/model-builder-abstractions/index.html]
[www.minotech.co.uk/development/open-source-projects/reflection-helper/index.html]
[www.minotech.co.uk/blog/what-can-agile-do-for-you/index.html]
[www.minotech.co.uk/development/open-source-projects/responsive-mq/index.html]
[www.minotech.co.uk/media/1032/jumping-people-med.jpg]
[www.minotech.co.uk/blog/optimising-project-delivery-resourcing-empowered-teams/index.html]
[www.minotech.co.uk/development/open-source-projects/simple-twitter-stream/index.html]
[www.minotech.co.uk/blog/optimising-project-delivery-the-retrospective/index.html]
[www.minotech.co.uk/development/open-source-projects/strong-typed/index.html]
[www.minotech.co.uk/blog/optimising-project-delivery-enabling-change/index.html]
[www.minotech.co.uk/development/open-source-projects/test-support/index.html]
[www.minotech.co.uk/blog/optimising-project-delivery-feel-the-pain/index.html]
[www.minotech.co.uk/development/open-source-projects/uri-path-manager/index.html]
[www.minotech.co.uk/blog/optimising-project-delivery-blockers/index.html]
[www.minotech.co.uk/development/open-source-projects/url-navigator/index.html]
[www.minotech.co.uk/blog/optimising-project-delivery-empowered-teams-and-the-conflict-principle/index.html]
[www.minotech.co.uk/development/open-source-projects/web-theming/index.html]
[www.minotech.co.uk/blog/more-than-just-a-resource/index.html]
[www.minotech.co.uk/development/open-source-projects/webdriver-extensions/index.html]
[www.minotech.co.uk/blog/optimising-project-delivery-the-importance-of-in-flow-qa/index.html]
[www.minotech.co.uk/development/open-source-projects/window-wrapper/index.html]
[www.minotech.co.uk/media/1063/20150704-img_20150704_175954.jpg]
[www.minotech.co.uk/blog/scrum-day-london-2016-summary-review/index.html]
[www.minotech.co.uk/development/open-source-projects/magpie/index.html]
[www.minotech.co.uk/media/1051/team-discussing-med.jpg]
[www.minotech.co.uk/blog/using-retrospective-feedback-to-inform-product-decisions/index.html]
[www.minotech.co.uk/development/open-source-projects/umbraco/index.html]
[www.minotech.co.uk/development/blog/the-repository-pattern-keeping-it-clean/index.html]
[www.minotech.co.uk/development/blog/the-pylon-is-live/index.html]
[www.minotech.co.uk/images/development/oss.jpg]
[www.minotech.co.uk/development/open-source-projects/compositions.html]
[www.minotech.co.uk/development/open-source-projects/fluent-guard.html]
[www.minotech.co.uk/development/open-source-projects/reflection-helper.html]
[www.minotech.co.uk/development/open-source-projects/umbraco-pylon/index.html]
[www.minotech.co.uk/blog/my-first-kanban-board/index.html]
[www.minotech.co.uk/development/blog/umbraco-published-content-seems-wrong/index.html]
[www.minotech.co.uk/blog/what-can-the-election-teach-me/index.html]
[www.minotech.co.uk/development/blog/open-source-products-refreshed/index.html]
[www.minotech.co.uk/blog/windows-10-review/index.html]
[www.minotech.co.uk/development/blog/testing-web-api-routes-with-ministry-open-source/index.html]
[www.minotech.co.uk/blog/growing-our-partner-network/index.html]
[www.minotech.co.uk/development/blog/entity-framework-repositories-now-on-nuget/index.html]
[www.minotech.co.uk/development/blog/reflectionhelper-reflection-for-the-rest-of-us/index.html]
[www.minotech.co.uk/development/blog/migrating-umbraco-5-to-umbraco-411/index.html]
[www.minotech.co.uk/development/blog/testing-mvc-routes-with-ministry-open-source/index.html]
[www.minotech.co.uk/development/blog/detecting-touch-devices/index.html]
[www.minotech.co.uk/development/blog/the-mot-framework-extensions-repositories/index.html]
[www.minotech.co.uk/development/open-source-projects/index2ecf.html]
[www.minotech.co.uk/development/open-source-projects/index2a59.html]
[www.minotech.co.uk/development/open-source-projects/index1468.html]
[www.minotech.co.uk/development/open-source-projects/index7f73.html]
[www.minotech.co.uk/development/open-source-projects/api-security/index.html]
[www.minotech.co.uk/development/open-source-projects/argument-guard/index.html]
[www.minotech.co.uk/development/open-source-projects/backbone-ribs/index.html]
[www.minotech.co.uk/development/open-source-projects/client-mvc/index.html]
[www.minotech.co.uk/development/open-source-projects/compositions/index.html]
[www.minotech.co.uk/development/open-source-projects/csv/index.html]
[www.minotech.co.uk/development/open-source-projects/date-time-abstractions/index.html]
[www.minotech.co.uk/development/open-source-projects/entity-framework-repolayer/index.html]
[www.minotech.co.uk/development/open-source-projects/fluent-guard/index.html]
[www.minotech.co.uk/development/open-source-projects/iis-multi-host-redirector/index.html]
[www.minotech.co.uk/development/open-source-projects/javascript-on-load-function-stack/index.html]
[www.minotech.co.uk/development/open-source-projects/model-builder-abstractions/index.html]
[www.minotech.co.uk/development/blog/ministry-open-source-multi-host-redirector/index.html]
[www.minotech.co.uk/development/open-source-projects/reflection-helper/index.html]
[www.minotech.co.uk/development/open-source-projects/responsive-mq/index.html]
[www.minotech.co.uk/development/open-source-projects/simple-twitter-stream/index.html]
[www.minotech.co.uk/development/open-source-projects/strong-typed/index.html]
[www.minotech.co.uk/development/open-source-projects/test-support/index.html]
[www.minotech.co.uk/development/open-source-projects/uri-path-manager/index.html]
[www.minotech.co.uk/development/open-source-projects/url-navigator/index.html]
[www.minotech.co.uk/development/open-source-projects/web-theming/index.html]
[www.minotech.co.uk/development/open-source-projects/webdriver-extensions/index.html]
[www.minotech.co.uk/development/blog/the-mot-framework-extensions-reflection/index.html]
[www.minotech.co.uk/development/blog/ui-automation-for-net/index.html]
[www.minotech.co.uk/development/open-source-projects/window-wrapper/index.html]
[www.minotech.co.uk/development/open-source-projects/magpie/index.html]
[www.minotech.co.uk/development/open-source-projects/umbraco/index.html]
[www.minotech.co.uk/services/training.html]
[www.minotech.co.uk/why-mot/clients/index.html]
[www.minotech.co.uk/why-mot/partners/index.html]
[www.minotech.co.uk/blog/my-first-kanban-board/index.html]
[www.minotech.co.uk/media/1057/kanban.jpg]
[www.minotech.co.uk/blog/why-pair-programming-works/index.html]
[www.minotech.co.uk/blog/what-can-the-election-teach-me/index.html]
[www.minotech.co.uk/blog/relaunching-the-ministry/index.html]
[www.minotech.co.uk/media/1062/windows-10.jpg]
[www.minotech.co.uk/blog/windows-10-review/index.html]
[www.minotech.co.uk/blog/growing-our-partner-network/index.html]
[www.minotech.co.uk/blog/building-a-great-team/index.html]
[www.minotech.co.uk/development/blog/reflectionhelper-reflection-for-the-rest-of-us/index.html]
[www.minotech.co.uk/development/blog/the-mot-framework-extensions-repositories/index.html]
[www.minotech.co.uk/development/open-source-projects/compositions.html]
[www.minotech.co.uk/development/open-source-projects/fluent-guard.html]
[www.minotech.co.uk/development/open-source-projects/reflection-helper.html]
[www.minotech.co.uk/development/blog/ministry-open-source-multi-host-redirector/index.html]
[www.minotech.co.uk/development/blog/the-mot-framework-extensions-reflection/index.html]
[www.minotech.co.uk/development/blog/using-custom-helpers-and-models-in-umbraco-5/index.html]
[www.minotech.co.uk/development/blog/my-extension-methods-feel-wrong/index.html]
[www.minotech.co.uk/development/blog/ui-automation-for-net/index.html]
[www.minotech.co.uk/blog/why-pair-programming-works/index.html]
[www.minotech.co.uk/development/blog/displaying-uploaded-images-in-umbraco/index.html]
[www.minotech.co.uk/blog/my-kanban-board-first-retrospective/index.html]
[www.minotech.co.uk/blog/relaunching-the-ministry/index.html]
[www.minotech.co.uk/blog/building-a-great-team/index.html]
[www.minotech.co.uk/development/reflection-helper/index.html]
[www.minotech.co.uk/development/fluent-guard.html]
[www.minotech.co.uk/development/blog/using-custom-helpers-and-models-in-umbraco-5/index.html]
[www.minotech.co.uk/blog/managing-a-distributed-scrum-team/index.html]
[www.minotech.co.uk/development/blog/managing-umbraco-501-performance/index.html]
[www.minotech.co.uk/development/blog/my-extension-methods-feel-wrong/index.html]
[www.minotech.co.uk/development/blog/displaying-uploaded-images-in-umbraco/index.html]
[www.minotech.co.uk/development/blog/aspnet-application-targetting-net-20-does-not-build-but-shows-no-errors/index.html]
[www.minotech.co.uk/development/blog/mercurious/index.html]
[www.minotech.co.uk/blog/my-kanban-board-first-retrospective/index.html]
[www.minotech.co.uk/media/1059/kanban2.jpg]
[www.minotech.co.uk/blog/documentation-in-agile-software-development/index.html]
[www.minotech.co.uk/blog/managing-a-distributed-scrum-team/index.html]
[www.minotech.co.uk/development/blog/managing-umbraco-501-performance/index.html]
[www.minotech.co.uk/development/blog/aspnet-application-targetting-net-20-does-not-build-but-shows-no-errors/index.html]
[www.minotech.co.uk/development/blog/extension-methods-in-net-20-net-35/index.html]
[www.minotech.co.uk/development/blog/mercurious/index.html]
[www.minotech.co.uk/blog/documentation-in-agile-software-development/index.html]
[www.minotech.co.uk/development/blog/extension-methods-in-net-20-net-35/index.html]
[ajax.googleapis.com/ajax/libs/jquery/1.11.1/jquery.min.js]
[maxcdn.bootstrapcdn.com/font-awesome/4.6.0/fonts/fontawesome-webfont37ec.svg]
[maxcdn.bootstrapcdn.com/font-awesome/4.6.0/css/font-awesome.min.css]
[www.minotech.co.uk/media/1002/matrix-glasses-wide.jpg]
[www.minotech.co.uk/css/ministry-style.min91af.css]
[www.minotech.co.uk/media/1007/keith-jackson-2_thumb.jpg]
[www.minotech.co.uk/media/1008/jen_full_thumb.jpg]
[www.minotech.co.uk/media/1015/cloud-devices-med.jpg]
[www.minotech.co.uk/images/ministry/background9078.svg]
[www.minotech.co.uk/images/ministry/logo-text9078.svg]
[www.minotech.co.uk/media/1097/dsc_0250-2.jpg]
[www.minotech.co.uk/images/ministry/logo-icon9078.svg]
[www.minotech.co.uk/media/1096/pragmatic-agilist.jpg]
[www.minotech.co.uk/media/1095/spike-leaving-mentor.jpg]
[www.minotech.co.uk/media/1007/keith-jackson-2.jpg]
[www.minotech.co.uk/media/1028/hand-cloud-med.jpg]
[www.minotech.co.uk/js/head-1.0.3.min.js]
[www.minotech.co.uk/media/1104/ksjcv20190729.pdf]
[www.minotech.co.uk/media/1009/csm.gif]
[www.minotech.co.uk/js/ministry.min91af.js]
[www.minotech.co.uk/media/1061/_47788370_01_ballotbox.jpg]
[www.minotech.co.uk/media/1019/code2-med.jpg]
[www.minotech.co.uk/js/analytics91af.js]
[www.minotech.co.uk/media/1047/surfer-med.jpg]
[www.minotech.co.uk/media/1023/diagnostics-med.jpg]
[www.minotech.co.uk/media/1042/scrum-process.jpg]
[www.minotech.co.uk/images/ministry/services/mot-product9078.svg]
[www.minotech.co.uk/media/1033/matrix-eye-med.jpg]
[www.minotech.co.uk/media/1014/bloke-empty-table-med.jpg]
[www.minotech.co.uk/images/ministry/services/fuel-pump-29078.svg]
[www.minotech.co.uk/media/1025/eclipse.jpg]
[www.minotech.co.uk/media/1029/hands-med.jpg]
[www.minotech.co.uk/images/ministry/services/pit-stop9078.svg]
[www.minotech.co.uk/media/1030/ideas-man-cropped.jpg]
[www.minotech.co.uk/media/1008/jen_full.jpg]
[www.minotech.co.uk/images/ministry/services/accelerate9078.svg]
[www.minotech.co.uk/media/1058/2012-07-18-at-11-37-24.jpg]
[www.minotech.co.uk/media/1060/windowsazure.png]
[www.minotech.co.uk/images/ministry/services/horse-29078.svg]
[www.minotech.co.uk/media/1088/pac-black-turquoise.png]
[www.minotech.co.uk/media/1087/20160409-dsc_0249-1.jpg]
[www.minotech.co.uk/images/ministry/services/mot-strategy9078.svg]
[www.minotech.co.uk/media/1085/sd-wmc-c-0008-1.jpg]
[www.minotech.co.uk/media/1086/forced-analogy.pdf]
[www.minotech.co.uk/images/ministry/services/mot-train9078.svg]
[www.minotech.co.uk/media/1064/planning.jpg]
[www.minotech.co.uk/media/1032/jumping-people-med.jpg]
[www.minotech.co.uk/images/ministry/services/mot-mentor9078.svg]
[www.minotech.co.uk/media/1063/20150704-img_20150704_175954.jpg]
[www.minotech.co.uk/media/1051/team-discussing-med.jpg]
[www.minotech.co.uk/images/development/oss.jpg]
[sodipodi.sourceforge.net/DTD/sodipodi-0.57.delayed]
[www.minotech.co.uk/images/ministry/services/mot-concept9078.svg]
[www.minotech.co.uk/media/1057/kanban.jpg]
[www.minotech.co.uk/media/1062/windows-10.jpg]
[www.minotech.co.uk/media/1059/kanban2.jpg]
[www.minotech.co.uk/images/ministry/services/mot-platform9078.svg]
[www.minotech.co.uk/network/jen-jackson/index.html]
[www.minotech.co.uk/css/development-style.min91af.css]
[www.minotech.co.uk/images/development/background9078.svg]
[www.minotech.co.uk/images/development/logo-text9078.svg]
[www.minotech.co.uk/images/development/logo-icon9078.svg]
[www.minotech.co.uk/media/1103/img_20181223_153509-2.jpg]
[www.minotech.co.uk/blog/the-anti-agility-of-dogma-or-why-agile-is-a-science-and-not-a-faith/index.html]
[www.minotech.co.uk/blog/climate-change-mitigation-remote-working/index.html]
[www.minotech.co.uk/blog/what-is-a-pragmatic-agilist/index.html]
[www.minotech.co.uk/blog/meet-the-real-spike/index.html]
[www.minotech.co.uk/media/1093/spike.jpg]
[www.minotech.co.uk/services/remote-control.html]
[www.minotech.co.uk/blog/agile-cymru-or-to-cardiff-and-back-again/index.html]
[www.minotech.co.uk/blog/interviewing-for-scrum-masters/index.html]
[www.minotech.co.uk/blog/optimising-project-delivery-resourcing-empowered-teams/index.html]
[www.minotech.co.uk/blog/optimising-project-delivery-the-retrospective/index.html]
[www.minotech.co.uk/blog/optimising-project-delivery-the-importance-of-in-flow-qa/index.html]
[www.minotech.co.uk/blog/using-retrospective-feedback-to-inform-product-decisions/index.html]
[www.minotech.co.uk/development/blog/the-repository-pattern-keeping-it-clean/index.html]
[www.minotech.co.uk/development/blog/open-source-products-refreshed/index.html]
[www.minotech.co.uk/development/blog/migrating-umbraco-5-to-umbraco-411/index.html]
[www.minotech.co.uk/why-mot/clients/index.html]
[www.minotech.co.uk/why-mot/partners/index.html]
[www.minotech.co.uk/blog/what-can-the-election-teach-me/index.html]
[www.minotech.co.uk/development/blog/reflectionhelper-reflection-for-the-rest-of-us/index.html]
[www.minotech.co.uk/development/open-source-projects/compositions.html]
[www.minotech.co.uk/blog/why-pair-programming-works/index.html]
[www.minotech.co.uk/blog/building-a-great-team/index.html]
[www.minotech.co.uk/blog/documentation-in-agile-software-development/index.html]
[maxcdn.bootstrapcdn.com/font-awesome/4.6.0/fonts/fontawesome-webfont37ec.svg]
[sodipodi.sourceforge.net/DTD/sodipodi-0.html]
[www.minotech.co.uk/media/1103/img_20181223_153509-2.jpg]
[www.minotech.co.uk/media/1093/spike.jpg]
[www.minotech.co.uk/why-mot/clients/index.html]
[www.minotech.co.uk/why-mot/partners/index.html]
